// Jest Snapshot v1, https://goo.gl/fbAQLP

exports[`renders heading level with another size 1`] = `
<div>
  <div>
    <h1
      class="sc-bdVaJa epHIGJ"
    >
      Heading level 1
    </h1>
    <h3
      class="sc-htpNat fscdUm"
    >
      Heading level 3
    </h3>
    <h3
      class="sc-htpNat eUqHgu"
    >
      Heading level 3 size 1
    </h3>
  </div>
</div>
`;
