// Jest Snapshot v1, https://goo.gl/fbAQLP

exports[`Checkbox renders as expected 1`] = `
<label
  className="sc-bwzfXH hizqnz"
  disabled={true}
>
  <input
    checked={true}
    className="sc-htpNat hESkBQ"
    disabled={true}
    onChange={[Function]}
    onClick={[Function]}
    type="checkbox"
    value={undefined}
  />
  <span
    className="checkbox-fill sc-bxivhb fwlpgh"
  />
  <span
    className="sc-ifAKCX kVENxO"
  >
    Render test
  </span>
</label>
`;
