// Jest Snapshot v1, https://goo.gl/fbAQLP

exports[`popover component renders as expected 1`] = `
<div
  className="es-popover sc-bZQynM dSsQJY"
>
  <div>
    <div>
      <button
        aria-expanded={false}
        className="es-button es-button--default sc-gzVnrw iIXTKM sc-htpNat cJWpVN sc-bwzfXH jWFaYU"
        onClick={[Function]}
      >
        <span
          aria-hidden={false}
        >
          Popover Text
        </span>
        <span
          className="sc-htoDjs iqIjis"
        />
      </button>
    </div>
    <div
      className="sc-EHOje vChbq"
      name="popTest"
    >
      <div
        className="popTest-popper"
        data-placement={undefined}
        data-x-out-of-boundaries={undefined}
        style={
          Object {
            "opacity": 0,
            "pointerEvents": "none",
            "position": "absolute",
            "transition": "opacity 0.2s ease-in-out",
            "zIndex": 5,
          }
        }
      >
        <div
          className="es-popover__container sc-dnqmqq BnNnH"
          role="dialog"
        >
          <div
            className="es-popover__header sc-iwsKbI cirLJO"
          >
            <h3
              className="sc-gZMcBi cPBpHt"
            >
              Popover Title
            </h3>
            <span
              aria-label="Press escape to close the Popover"
              className="sc-fjdhpX dYNDTL"
              tabIndex={-1}
            />
          </div>
          <div
            className="es-popover__body sc-gqjmRU eiaKpk"
          >
            <div
              className="es-popover__content sc-VigVT cztEQg"
            >
              This is the popover content.
            </div>
          </div>
        </div>
        <span
          className="popTest-popper__arrow"
          style={Object {}}
        />
      </div>
    </div>
  </div>
</div>
`;
