// Jest Snapshot v1, https://goo.gl/fbAQLP

exports[`popoverLink component renders as expected 1`] = `
<span>
  <button
    aria-haspopup="dialog"
    aria-label={undefined}
    className="sc-jzJRlG gUzwcG sc-bxivhb eboPuZ sc-bdVaJa jXnGOW"
    data-trigger="focus"
    onClick={[Function]}
  >
    This is the popover link text.
  </button>
</span>
`;
