exports[`tooltip component renders tooltip children 1`] = `
<div>
  <div
    onMouseEnter={[Function]}
    onMouseLeave={[Function]}>
    This is the tooltip target.
  </div>
</div>
`;
