// Jest Snapshot v1, https://goo.gl/fbAQLP

exports[`renders as expected 1`] = `
<div>
  <nav
    class="es-sidenav sc-ifAKCX eEDsWM"
  >
    <ul>
      <li
        class="es-sidenav__navitem"
      >
        <a
          class="home sc-bwzfXH guxetE"
          href="/home"
        >
          <span
            class="sc-bxivhb dgmReD"
          >
            Home
          </span>
          <i
            aria-hidden="true"
            class="es-icon sc-bdVaJa tXzOW"
            content="61f"
            font-family="indv-mkt-icons"
            font-size="inherit"
          />
        </a>
      </li>
      <li
        class="es-sidenav__navitem"
      >
        <a
          class="cart sc-bwzfXH guxetE"
          href="#/"
        >
          <span
            class="sc-bxivhb dgmReD"
          >
            Cart
          </span>
          <i
            aria-hidden="true"
            class="es-icon sc-bdVaJa tXzOW"
            content="61f"
            font-family="indv-mkt-icons"
            font-size="inherit"
          />
        </a>
      </li>
      <li
        class="es-sidenav__navitem"
      >
        <a
          class="external sc-bwzfXH guxetE"
          href="http://www.google.com"
          target="_blank"
        >
          <span
            class="sc-bxivhb dgmReD"
          >
            External Link
          </span>
          <i
            aria-hidden="true"
            class="es-icon sc-bdVaJa tXzOW"
            content="61f"
            font-family="indv-mkt-icons"
            font-size="inherit"
          />
        </a>
      </li>
      <li
        class="es-sidenav__navitem"
      >
        <a
          class="info sc-bwzfXH kPjAmK"
          href="#/"
        >
          <span
            class="sc-bxivhb dgmReD"
          >
            Disabled
          </span>
          <i
            aria-hidden="true"
            class="es-icon sc-bdVaJa tXzOW"
            content="61f"
            font-family="indv-mkt-icons"
            font-size="inherit"
          />
        </a>
      </li>
    </ul>
  </nav>
</div>
`;
