// Jest Snapshot v1, https://goo.gl/fbAQLP

exports[`drawer component accordion renders as expected 1`] = `
<div
  className="important sc-EHOje ixLrxb"
>
  <div
    className="first sc-bwzfXH bBIqkK"
  >
    <div
      id="abcdef"
      role="heading"
    >
      <button
        aria-controls="abcdef"
        aria-expanded={false}
        className="sc-htpNat TVtNM"
        onClick={[Function]}
      >
        <span>
          <i
            aria-hidden={true}
            className="sc-bxivhb UZmtw sc-bdVaJa dnSaqI"
            content="65a"
            fontFamily="indv-mkt-icons"
            fontSize="inherit"
          />
          collapse 1
        </span>
        <aside>
          side text
        </aside>
      </button>
    </div>
    <div
      aria-hidden={true}
      aria-labelledby="abcdef"
      className="rah-static rah-static--height-zero sc-ifAKCX HqBXT"
      id="abcdef"
      role="region"
      style={
        Object {
          "height": 0,
          "overflow": "hidden",
        }
      }
    >
      <div
        className={undefined}
      >
        first
      </div>
    </div>
  </div>
  <div
    className="second sc-bwzfXH bBIqkK"
  >
    <div
      id="abcdef"
      role="heading"
    >
      <button
        aria-controls="abcdef"
        aria-expanded={false}
        className="sc-htpNat TVtNM"
        onClick={[Function]}
      >
        <span>
          <i
            aria-hidden={true}
            className="sc-bxivhb UZmtw sc-bdVaJa dnSaqI"
            content="65a"
            fontFamily="indv-mkt-icons"
            fontSize="inherit"
          />
          collapse 2
        </span>
      </button>
    </div>
    <div
      aria-hidden={true}
      aria-labelledby="abcdef"
      className="rah-static rah-static--height-zero sc-ifAKCX bUSXbP"
      id="abcdef"
      role="region"
      style={
        Object {
          "height": 0,
          "overflow": "hidden",
        }
      }
    >
      <div
        className={undefined}
      >
        second
      </div>
    </div>
  </div>
  <div
    className="third sc-bwzfXH bBIqkK"
  >
    <div
      id="abcdef"
      role="heading"
    >
      <button
        aria-controls="abcdef"
        aria-expanded={false}
        className="sc-htpNat TVtNM"
        onClick={[Function]}
      >
        <span>
          <i
            aria-hidden={true}
            className="sc-bxivhb UZmtw sc-bdVaJa dnSaqI"
            content="65a"
            fontFamily="indv-mkt-icons"
            fontSize="inherit"
          />
          collapse 3
        </span>
      </button>
    </div>
    <div
      aria-hidden={true}
      aria-labelledby="abcdef"
      className="rah-static rah-static--height-zero sc-ifAKCX HqBXT"
      id="abcdef"
      role="region"
      style={
        Object {
          "height": 0,
          "overflow": "hidden",
        }
      }
    >
      <div
        className={undefined}
      >
        third
      </div>
    </div>
  </div>
</div>
`;

exports[`drawer component drawer renders as expected 1`] = `
<div
  className="important sc-EHOje ixLrxb"
>
  <div
    className="first sc-bwzfXH bBIqkK"
  >
    <div
      id="abcdef"
      role="heading"
    >
      <button
        aria-controls="abcdef"
        aria-expanded={false}
        className="sc-htpNat TVtNM"
        onClick={[Function]}
      >
        <span>
          <i
            aria-hidden={true}
            className="sc-bxivhb UZmtw sc-bdVaJa dnSaqI"
            content="65a"
            fontFamily="indv-mkt-icons"
            fontSize="inherit"
          />
          collapse 1
        </span>
        <aside>
          side text
        </aside>
      </button>
    </div>
    <div
      aria-hidden={true}
      aria-labelledby="abcdef"
      className="rah-static rah-static--height-zero sc-ifAKCX HqBXT"
      id="abcdef"
      role="region"
      style={
        Object {
          "height": 0,
          "overflow": "hidden",
        }
      }
    >
      <div
        className={undefined}
      >
        first
      </div>
    </div>
  </div>
  <div
    className="second sc-bwzfXH bBIqkK"
  >
    <div
      id="abcdef"
      role="heading"
    >
      <button
        aria-controls="abcdef"
        aria-expanded={false}
        className="sc-htpNat TVtNM"
        onClick={[Function]}
      >
        <span>
          <i
            aria-hidden={true}
            className="sc-bxivhb UZmtw sc-bdVaJa dnSaqI"
            content="65a"
            fontFamily="indv-mkt-icons"
            fontSize="inherit"
          />
          collapse 2
        </span>
      </button>
    </div>
    <div
      aria-hidden={true}
      aria-labelledby="abcdef"
      className="rah-static rah-static--height-zero sc-ifAKCX bUSXbP"
      id="abcdef"
      role="region"
      style={
        Object {
          "height": 0,
          "overflow": "hidden",
        }
      }
    >
      <div
        className={undefined}
      >
        second
      </div>
    </div>
  </div>
  <div
    className="third sc-bwzfXH bBIqkK"
  >
    <div
      id="abcdef"
      role="heading"
    >
      <button
        aria-controls="abcdef"
        aria-expanded={false}
        className="sc-htpNat TVtNM"
        onClick={[Function]}
      >
        <span>
          <i
            aria-hidden={true}
            className="sc-bxivhb UZmtw sc-bdVaJa dnSaqI"
            content="65a"
            fontFamily="indv-mkt-icons"
            fontSize="inherit"
          />
          collapse 3
        </span>
      </button>
    </div>
    <div
      aria-hidden={true}
      aria-labelledby="abcdef"
      className="rah-static rah-static--height-zero sc-ifAKCX HqBXT"
      id="abcdef"
      role="region"
      style={
        Object {
          "height": 0,
          "overflow": "hidden",
        }
      }
    >
      <div
        className={undefined}
      >
        third
      </div>
    </div>
  </div>
</div>
`;
