// Jest Snapshot v1, https://goo.gl/fbAQLP

exports[`renders as expected 1`] = `
<div>
  <nav
    class="es-sidenav sc-bwzfXH fOrtDJ"
  >
    <ul>
      <li
        class="es-sidenav__navitem sc-bxivhb hehtwM"
      >
        <button
          class="sc-bZQynM cBoIkp"
          type="button"
        >
          <span>
            Home
          </span>
        </button>
      </li>
      <li
        class="es-sidenav__navitem sc-bxivhb bUFNFk"
      >
        <button
          class="sc-gzVnrw ctSpxD"
          type="button"
        >
          <span>
            Cart
          </span>
        </button>
      </li>
      <li
        class="es-sidenav__navitem sc-bxivhb bUFNFk"
      >
        <a
          class="sc-htoDjs eHAfOz"
          href="https://google.com"
        >
          <span>
            External Link
          </span>
        </a>
      </li>
      <li
        class="es-sidenav__navitem sc-bxivhb ckuDAk"
      >
        <button
          class="sc-dnqmqq lcawqa"
          type="button"
        >
          <span>
            Disabled
          </span>
        </button>
      </li>
    </ul>
  </nav>
</div>
`;
